{"code":200,"message":"操作成功","data":{"timestamp":"2026-05-20T18:02:54.329262","service":"core-clinical","status":"UP"}}